[2026-07-21 17:34:10] Error: Call to undefined function cpmsPropertyRequire() in /home/vol5_2/infinityfree.com/if0_42377880/htdocs/cpms/property_portal/role_audit.php:6
Stack trace:
#0 {main}
[2026-07-21 18:42:18] mysqli_sql_exception: Unknown column 'created_at' in 'SELECT' in /home/vol5_2/infinityfree.com/if0_42377880/htdocs/cpms/property_portal/dashboard.php:125
Stack trace:
#0 /home/vol5_2/infinityfree.com/if0_42377880/htdocs/cpms/property_portal/dashboard.php(125): mysqli->prepare('SELECT\n        ...')
#1 {main}
[2026-07-21 18:47:33] mysqli_sql_exception: Unknown column 'created_at' in 'SELECT' in /home/vol5_2/infinityfree.com/if0_42377880/htdocs/cpms/property_portal/dashboard.php:125
Stack trace:
#0 /home/vol5_2/infinityfree.com/if0_42377880/htdocs/cpms/property_portal/dashboard.php(125): mysqli->prepare('SELECT\n        ...')
#1 {main}
[2026-07-21 18:47:36] mysqli_sql_exception: Unknown column 'created_at' in 'SELECT' in /home/vol5_2/infinityfree.com/if0_42377880/htdocs/cpms/property_portal/dashboard.php:125
Stack trace:
#0 /home/vol5_2/infinityfree.com/if0_42377880/htdocs/cpms/property_portal/dashboard.php(125): mysqli->prepare('SELECT\n        ...')
#1 {main}
[2026-07-21 18:47:44] mysqli_sql_exception: Unknown column 'created_at' in 'SELECT' in /home/vol5_2/infinityfree.com/if0_42377880/htdocs/cpms/property_portal/dashboard.php:125
Stack trace:
#0 /home/vol5_2/infinityfree.com/if0_42377880/htdocs/cpms/property_portal/dashboard.php(125): mysqli->prepare('SELECT\n        ...')
#1 {main}
[2026-07-21 18:47:49] mysqli_sql_exception: Unknown column 'created_at' in 'SELECT' in /home/vol5_2/infinityfree.com/if0_42377880/htdocs/cpms/property_portal/dashboard.php:125
Stack trace:
#0 /home/vol5_2/infinityfree.com/if0_42377880/htdocs/cpms/property_portal/dashboard.php(125): mysqli->prepare('SELECT\n        ...')
#1 {main}
[2026-07-21 18:48:46] mysqli_sql_exception: Unknown column 'created_at' in 'SELECT' in /home/vol5_2/infinityfree.com/if0_42377880/htdocs/cpms/property_portal/dashboard.php:125
Stack trace:
#0 /home/vol5_2/infinityfree.com/if0_42377880/htdocs/cpms/property_portal/dashboard.php(125): mysqli->prepare('SELECT\n        ...')
#1 {main}
[2026-07-21 18:49:03] Error: Call to undefined function cpmsCompanyName() in /home/vol5_2/infinityfree.com/if0_42377880/htdocs/index.php:749
Stack trace:
#0 {main}
[2026-07-21 18:49:16] mysqli_sql_exception: Unknown column 'created_at' in 'SELECT' in /home/vol5_2/infinityfree.com/if0_42377880/htdocs/cpms/property_portal/dashboard.php:125
Stack trace:
#0 /home/vol5_2/infinityfree.com/if0_42377880/htdocs/cpms/property_portal/dashboard.php(125): mysqli->prepare('SELECT\n        ...')
#1 {main}
[2026-07-21 18:50:46] mysqli_sql_exception: Unknown column 'created_at' in 'SELECT' in /home/vol5_2/infinityfree.com/if0_42377880/htdocs/cpms/property_portal/dashboard.php:125
Stack trace:
#0 /home/vol5_2/infinityfree.com/if0_42377880/htdocs/cpms/property_portal/dashboard.php(125): mysqli->prepare('SELECT\n        ...')
#1 {main}
[2026-07-21 18:53:04] mysqli_sql_exception: Unknown column 'created_at' in 'SELECT' in /home/vol5_2/infinityfree.com/if0_42377880/htdocs/cpms/property_portal/dashboard.php:125
Stack trace:
#0 /home/vol5_2/infinityfree.com/if0_42377880/htdocs/cpms/property_portal/dashboard.php(125): mysqli->prepare('SELECT\n        ...')
#1 {main}
[2026-07-21 18:53:09] mysqli_sql_exception: Unknown column 'created_at' in 'SELECT' in /home/vol5_2/infinityfree.com/if0_42377880/htdocs/cpms/property_portal/dashboard.php:125
Stack trace:
#0 /home/vol5_2/infinityfree.com/if0_42377880/htdocs/cpms/property_portal/dashboard.php(125): mysqli->prepare('SELECT\n        ...')
#1 {main}
[2026-07-21 18:56:02] mysqli_sql_exception: Unknown column 'created_at' in 'SELECT' in /home/vol5_2/infinityfree.com/if0_42377880/htdocs/cpms/property_portal/dashboard.php:125
Stack trace:
#0 /home/vol5_2/infinityfree.com/if0_42377880/htdocs/cpms/property_portal/dashboard.php(125): mysqli->prepare('SELECT\n        ...')
#1 {main}
[2026-07-21 18:56:03] mysqli_sql_exception: Unknown column 'created_at' in 'SELECT' in /home/vol5_2/infinityfree.com/if0_42377880/htdocs/cpms/property_portal/dashboard.php:125
Stack trace:
#0 /home/vol5_2/infinityfree.com/if0_42377880/htdocs/cpms/property_portal/dashboard.php(125): mysqli->prepare('SELECT\n        ...')
#1 {main}
[2026-07-21 18:56:09] mysqli_sql_exception: Unknown column 'created_at' in 'SELECT' in /home/vol5_2/infinityfree.com/if0_42377880/htdocs/cpms/property_portal/dashboard.php:125
Stack trace:
#0 /home/vol5_2/infinityfree.com/if0_42377880/htdocs/cpms/property_portal/dashboard.php(125): mysqli->prepare('SELECT\n        ...')
#1 {main}
[2026-07-21 18:56:45] mysqli_sql_exception: Unknown column 'created_at' in 'SELECT' in /home/vol5_2/infinityfree.com/if0_42377880/htdocs/cpms/property_portal/dashboard.php:125
Stack trace:
#0 /home/vol5_2/infinityfree.com/if0_42377880/htdocs/cpms/property_portal/dashboard.php(125): mysqli->prepare('SELECT\n        ...')
#1 {main}
[2026-07-21 18:58:39] mysqli_sql_exception: Unknown column 'created_at' in 'SELECT' in /home/vol5_2/infinityfree.com/if0_42377880/htdocs/cpms/property_portal/dashboard.php:125
Stack trace:
#0 /home/vol5_2/infinityfree.com/if0_42377880/htdocs/cpms/property_portal/dashboard.php(125): mysqli->prepare('SELECT\n        ...')
#1 {main}
[2026-07-21 20:53:08] Error: Call to undefined function cpmsCompanyName() in /home/vol5_2/infinityfree.com/if0_42377880/htdocs/index.php:749
Stack trace:
#0 {main}
[2026-07-22 08:23:11] Error: Call to undefined function cpmsCompanyName() in /home/vol5_2/infinityfree.com/if0_42377880/htdocs/index.php:749
Stack trace:
#0 {main}
[2026-07-22 08:35:06] Error: Call to undefined function cpmsCompanyName() in /home/vol5_2/infinityfree.com/if0_42377880/htdocs/index.php:749
Stack trace:
#0 {main}
[2026-07-22 08:35:15] Error: Call to undefined function cpmsCompanyName() in /home/vol5_2/infinityfree.com/if0_42377880/htdocs/index.php:749
Stack trace:
#0 {main}
[2026-07-22 08:35:17] Error: Call to undefined function cpmsCompanyName() in /home/vol5_2/infinityfree.com/if0_42377880/htdocs/index.php:749
Stack trace:
#0 {main}
[2026-07-22 08:35:30] Error: Call to undefined function cpmsCompanyName() in /home/vol5_2/infinityfree.com/if0_42377880/htdocs/index.php:749
Stack trace:
#0 {main}
[2026-07-22 08:44:24] Error: Call to undefined function cpmsCompanyName() in /home/vol5_2/infinityfree.com/if0_42377880/htdocs/index.php:749
Stack trace:
#0 {main}
[2026-07-22 08:47:50] Error: Call to undefined function cpmsCompanyName() in /home/vol5_2/infinityfree.com/if0_42377880/htdocs/index.php:749
Stack trace:
#0 {main}
[2026-07-22 08:49:09] Error: Call to undefined function cpmsCompanyName() in /home/vol5_2/infinityfree.com/if0_42377880/htdocs/index.php:749
Stack trace:
#0 {main}
[2026-07-22 08:49:23] Error: Call to undefined function cpmsCompanyName() in /home/vol5_2/infinityfree.com/if0_42377880/htdocs/index.php:749
Stack trace:
#0 {main}
[2026-07-22 09:02:48] Error: Call to undefined function cpmsCompanyName() in /home/vol5_2/infinityfree.com/if0_42377880/htdocs/index.php:749
Stack trace:
#0 {main}
[2026-07-22 09:35:05] Error: Call to undefined function cpmsCompanyName() in /home/vol5_2/infinityfree.com/if0_42377880/htdocs/index.php:749
Stack trace:
#0 {main}
[2026-07-22 13:46:32] Error: Call to undefined function cpmsContactPhone() in /home/vol5_2/infinityfree.com/if0_42377880/htdocs/index.php:16
Stack trace:
#0 {main}
[2026-07-22 16:53:38] Error: Call to undefined function cpmsContactPhone() in /home/vol5_2/infinityfree.com/if0_42377880/htdocs/index.php:16
Stack trace:
#0 {main}
[2026-07-22 16:55:22] Error: Call to undefined function cpmsContactPhone() in /home/vol5_2/infinityfree.com/if0_42377880/htdocs/index.php:16
Stack trace:
#0 {main}
[2026-07-22 16:55:32] Error: Call to undefined function cpmsContactPhone() in /home/vol5_2/infinityfree.com/if0_42377880/htdocs/index.php:16
Stack trace:
#0 {main}
[2026-07-22 16:58:03] Error: Call to undefined function cpmsContactPhone() in /home/vol5_2/infinityfree.com/if0_42377880/htdocs/index.php:16
Stack trace:
#0 {main}
[2026-07-24 07:40:29] Error: Call to undefined function cpmsBrandingAssetUrl() in /home/vol5_2/infinityfree.com/if0_42377880/htdocs/cpms/property_portal/login.php:365
Stack trace:
#0 {main}
[2026-07-24 07:40:42] Error: Call to undefined function cpmsBrandingAssetUrl() in /home/vol5_2/infinityfree.com/if0_42377880/htdocs/cpms/property_portal/login.php:365
Stack trace:
#0 {main}
[2026-07-24 07:40:43] Error: Call to undefined function cpmsBrandingAssetUrl() in /home/vol5_2/infinityfree.com/if0_42377880/htdocs/cpms/property_portal/login.php:365
Stack trace:
#0 {main}
[2026-07-24 07:41:06] Error: Call to undefined function cpmsBrandingAssetUrl() in /home/vol5_2/infinityfree.com/if0_42377880/htdocs/cpms/property_portal/login.php:365
Stack trace:
#0 {main}
[2026-07-24 07:41:07] Error: Call to undefined function cpmsBrandingAssetUrl() in /home/vol5_2/infinityfree.com/if0_42377880/htdocs/cpms/property_portal/login.php:365
Stack trace:
#0 {main}
[2026-07-24 07:41:25] Error: Call to undefined function cpmsBrandingAssetUrl() in /home/vol5_2/infinityfree.com/if0_42377880/htdocs/cpms/property_portal/login.php:365
Stack trace:
#0 {main}
[2026-07-24 07:47:09] Error: Call to undefined function cpmsBrandingAssetUrl() in /home/vol5_2/infinityfree.com/if0_42377880/htdocs/cpms/property_portal/login.php:365
Stack trace:
#0 {main}
[2026-07-24 07:47:20] Error: Call to undefined function cpmsBrandingAssetUrl() in /home/vol5_2/infinityfree.com/if0_42377880/htdocs/cpms/property_portal/login.php:365
Stack trace:
#0 {main}
[2026-07-24 07:47:23] Error: Call to undefined function cpmsBrandingAssetUrl() in /home/vol5_2/infinityfree.com/if0_42377880/htdocs/cpms/property_portal/login.php:365
Stack trace:
#0 {main}
[2026-07-24 07:47:24] Error: Call to undefined function cpmsBrandingAssetUrl() in /home/vol5_2/infinityfree.com/if0_42377880/htdocs/cpms/property_portal/login.php:365
Stack trace:
#0 {main}
[2026-07-24 07:47:26] Error: Call to undefined function cpmsBrandingAssetUrl() in /home/vol5_2/infinityfree.com/if0_42377880/htdocs/cpms/property_portal/login.php:365
Stack trace:
#0 {main}
[2026-07-24 07:51:45] cpmsBrandingAssetUrl() is missing after loading branding.php.
[2026-07-24 07:51:50] cpmsBrandingAssetUrl() is missing after loading branding.php.
[2026-07-24 08:36:50] Error: Call to undefined function cpmsContactPhone() in /home/vol5_2/infinityfree.com/if0_42377880/htdocs/index.php:16
Stack trace:
#0 {main}
[2026-07-24 09:04:31] Error: Call to undefined function cpmsInspectionCanReview() in /home/vol5_2/infinityfree.com/if0_42377880/htdocs/cpms/property_portal/inspection_review.php:33
Stack trace:
#0 {main}
[2026-07-24 09:04:43] Error: Call to undefined function cpmsInspectionCanReview() in /home/vol5_2/infinityfree.com/if0_42377880/htdocs/cpms/property_portal/inspection_review.php:33
Stack trace:
#0 {main}
[2026-07-24 10:28:25] Error: Call to undefined function cpmsPropertyName() in /home/vol5_2/infinityfree.com/if0_42377880/htdocs/complaint_form.php:51
Stack trace:
#0 {main}
[2026-07-24 16:51:14] Error: Call to undefined function cpmsContactPhone() in /home/vol5_2/infinityfree.com/if0_42377880/htdocs/index.php:16
Stack trace:
#0 {main}
[2026-07-24 16:51:29] Error: Call to undefined function cpmsContactPhone() in /home/vol5_2/infinityfree.com/if0_42377880/htdocs/index.php:16
Stack trace:
#0 {main}
[2026-07-24 16:51:36] Error: Call to undefined function cpmsContactPhone() in /home/vol5_2/infinityfree.com/if0_42377880/htdocs/index.php:16
Stack trace:
#0 {main}
[2026-07-24 17:27:24] Error: Call to undefined function cpmsContactPhone() in /home/vol5_2/infinityfree.com/if0_42377880/htdocs/index.php:16
Stack trace:
#0 {main}
[2026-07-24 17:27:39] Error: Call to undefined function cpmsContactPhone() in /home/vol5_2/infinityfree.com/if0_42377880/htdocs/index.php:16
Stack trace:
#0 {main}
[2026-07-24 17:27:57] Error: Call to undefined function cpmsSystemName() in /home/vol5_2/infinityfree.com/if0_42377880/htdocs/admin_dashboard.php:2701
Stack trace:
#0 {main}
[2026-07-24 17:28:03] Error: Call to undefined function cpmsSystemName() in /home/vol5_2/infinityfree.com/if0_42377880/htdocs/admin_dashboard.php:2701
Stack trace:
#0 {main}
[2026-07-24 17:28:08] Error: Call to undefined function cpmsSystemName() in /home/vol5_2/infinityfree.com/if0_42377880/htdocs/admin_dashboard.php:2701
Stack trace:
#0 {main}
[2026-07-24 17:28:15] Error: Call to undefined function cpmsSystemName() in /home/vol5_2/infinityfree.com/if0_42377880/htdocs/admin_dashboard.php:2701
Stack trace:
#0 {main}
[2026-07-24 17:28:26] Error: Call to undefined function cpmsContactPhone() in /home/vol5_2/infinityfree.com/if0_42377880/htdocs/index.php:16
Stack trace:
#0 {main}
[2026-07-24 17:28:32] Error: Call to undefined function cpmsSystemName() in /home/vol5_2/infinityfree.com/if0_42377880/htdocs/admin_dashboard.php:2701
Stack trace:
#0 {main}
[2026-07-24 17:28:36] Error: Call to undefined function cpmsContactPhone() in /home/vol5_2/infinityfree.com/if0_42377880/htdocs/index.php:16
Stack trace:
#0 {main}
[2026-07-25 07:35:42] Error: Call to undefined function cpmsContactPhone() in /home/vol5_2/infinityfree.com/if0_42377880/htdocs/index.php:16
Stack trace:
#0 {main}
[2026-07-25 11:28:23] mysqli_sql_exception: Unknown column 'p.login_background_path' in 'SELECT' in /home/vol5_2/infinityfree.com/if0_42377880/htdocs/cpms/property_portal/auth.php:52
Stack trace:
#0 /home/vol5_2/infinityfree.com/if0_42377880/htdocs/cpms/property_portal/auth.php(52): mysqli->prepare('SELECT\n        ...')
#1 /home/vol5_2/infinityfree.com/if0_42377880/htdocs/cpms/property_portal/dashboard.php(7): require_once('/home/vol5_2/in...')
#2 {main}
[2026-07-25 11:33:52] mysqli_sql_exception: Unknown column 'p.login_background_path' in 'SELECT' in /home/vol5_2/infinityfree.com/if0_42377880/htdocs/cpms/property_portal/auth.php:52
Stack trace:
#0 /home/vol5_2/infinityfree.com/if0_42377880/htdocs/cpms/property_portal/auth.php(52): mysqli->prepare('SELECT\n        ...')
#1 /home/vol5_2/infinityfree.com/if0_42377880/htdocs/cpms/property_portal/dashboard.php(7): require_once('/home/vol5_2/in...')
#2 {main}
[2026-07-25 11:33:55] mysqli_sql_exception: Unknown column 'p.login_background_path' in 'SELECT' in /home/vol5_2/infinityfree.com/if0_42377880/htdocs/cpms/property_portal/auth.php:52
Stack trace:
#0 /home/vol5_2/infinityfree.com/if0_42377880/htdocs/cpms/property_portal/auth.php(52): mysqli->prepare('SELECT\n        ...')
#1 /home/vol5_2/infinityfree.com/if0_42377880/htdocs/cpms/property_portal/dashboard.php(7): require_once('/home/vol5_2/in...')
#2 {main}
[2026-07-25 11:34:03] mysqli_sql_exception: Unknown column 'p.login_background_path' in 'SELECT' in /home/vol5_2/infinityfree.com/if0_42377880/htdocs/cpms/property_portal/auth.php:52
Stack trace:
#0 /home/vol5_2/infinityfree.com/if0_42377880/htdocs/cpms/property_portal/auth.php(52): mysqli->prepare('SELECT\n        ...')
#1 /home/vol5_2/infinityfree.com/if0_42377880/htdocs/cpms/property_portal/dashboard.php(7): require_once('/home/vol5_2/in...')
#2 {main}
[2026-07-25 11:34:11] mysqli_sql_exception: Unknown column 'p.login_background_path' in 'SELECT' in /home/vol5_2/infinityfree.com/if0_42377880/htdocs/cpms/property_portal/auth.php:52
Stack trace:
#0 /home/vol5_2/infinityfree.com/if0_42377880/htdocs/cpms/property_portal/auth.php(52): mysqli->prepare('SELECT\n        ...')
#1 /home/vol5_2/infinityfree.com/if0_42377880/htdocs/cpms/property_portal/dashboard.php(7): require_once('/home/vol5_2/in...')
#2 {main}
[2026-07-27 15:19:57] mysqli_sql_exception: Illegal mix of collations (utf8mb4_unicode_ci,IMPLICIT) and (utf8mb4_general_ci,IMPLICIT) for operation '<>' in /home/vol5_2/infinityfree.com/if0_42377880/htdocs/cpms/system_owner/unified_user_health_check.php:95
Stack trace:
#0 /home/vol5_2/infinityfree.com/if0_42377880/htdocs/cpms/system_owner/unified_user_health_check.php(95): mysqli->query('SELECT\n        ...')
#1 /home/vol5_2/infinityfree.com/if0_42377880/htdocs/cpms/system_owner/unified_user_health_check.php(320): cpmsHealthRows(Object(mysqli), 'SELECT\n        ...')
#2 {main}
[2026-07-27 15:21:05] mysqli_sql_exception: Illegal mix of collations (utf8mb4_unicode_ci,IMPLICIT) and (utf8mb4_general_ci,IMPLICIT) for operation '<>' in /home/vol5_2/infinityfree.com/if0_42377880/htdocs/cpms/system_owner/unified_user_health_check.php:95
Stack trace:
#0 /home/vol5_2/infinityfree.com/if0_42377880/htdocs/cpms/system_owner/unified_user_health_check.php(95): mysqli->query('SELECT\n        ...')
#1 /home/vol5_2/infinityfree.com/if0_42377880/htdocs/cpms/system_owner/unified_user_health_check.php(320): cpmsHealthRows(Object(mysqli), 'SELECT\n        ...')
#2 {main}
[2026-07-28 10:36:39] mysqli_sql_exception: Unknown column 'recipient_system_user_id' in 'INSERT INTO' in /home/vol5_2/infinityfree.com/if0_42377880/htdocs/cpms/includes/notification_service.php:36
Stack trace:
#0 /home/vol5_2/infinityfree.com/if0_42377880/htdocs/cpms/includes/notification_service.php(36): mysqli->prepare('INSERT INTO cpm...')
#1 /home/vol5_2/infinityfree.com/if0_42377880/htdocs/cpms/includes/notification_service.php(178): cpmsNotificationUpsert(Object(mysqli), 1, 10, 'ca-verified-1', 'corrective_acti...', 'Corrective Acti...', 'CA-1-260728-000...', 'staff_correctiv...', 'success', 1)
#2 /home/vol5_2/infinityfree.com/if0_42377880/htdocs/cpms/property_portal/includes/layout_sidebar.php(111): cpmsNotificationSyncCorrectiveActions(Object(mysqli), 1)
#3 /home/vol5_2/infinityfree.com/if0_42377880/htdocs/cpms/property_portal/dashboard.php(517): require('/home/vol5_2/in...')
#4 {main}
[2026-07-28 10:45:35] mysqli_sql_exception: Table 'if0_42377880_housing_management.cpms_user_notifications' doesn't exist in /home/vol5_2/infinityfree.com/if0_42377880/htdocs/cpms/includes/notification_service.php:36
Stack trace:
#0 /home/vol5_2/infinityfree.com/if0_42377880/htdocs/cpms/includes/notification_service.php(36): mysqli->prepare('INSERT INTO cpm...')
#1 /home/vol5_2/infinityfree.com/if0_42377880/htdocs/cpms/includes/notification_service.php(178): cpmsNotificationUpsert(Object(mysqli), 1, 10, 'ca-verified-1', 'corrective_acti...', 'Corrective Acti...', 'CA-1-260728-000...', 'staff_correctiv...', 'success', 1)
#2 /home/vol5_2/infinityfree.com/if0_42377880/htdocs/cpms/property_portal/includes/layout_sidebar.php(111): cpmsNotificationSyncCorrectiveActions(Object(mysqli), 1)
#3 /home/vol5_2/infinityfree.com/if0_42377880/htdocs/cpms/property_portal/dashboard.php(517): require('/home/vol5_2/in...')
#4 {main}
[2026-07-28 10:45:36] mysqli_sql_exception: Table 'if0_42377880_housing_management.cpms_user_notifications' doesn't exist in /home/vol5_2/infinityfree.com/if0_42377880/htdocs/cpms/includes/notification_service.php:36
Stack trace:
#0 /home/vol5_2/infinityfree.com/if0_42377880/htdocs/cpms/includes/notification_service.php(36): mysqli->prepare('INSERT INTO cpm...')
#1 /home/vol5_2/infinityfree.com/if0_42377880/htdocs/cpms/includes/notification_service.php(178): cpmsNotificationUpsert(Object(mysqli), 1, 10, 'ca-verified-1', 'corrective_acti...', 'Corrective Acti...', 'CA-1-260728-000...', 'staff_correctiv...', 'success', 1)
#2 /home/vol5_2/infinityfree.com/if0_42377880/htdocs/cpms/property_portal/includes/layout_sidebar.php(111): cpmsNotificationSyncCorrectiveActions(Object(mysqli), 1)
#3 /home/vol5_2/infinityfree.com/if0_42377880/htdocs/cpms/property_portal/compliance.php(17): require('/home/vol5_2/in...')
#4 {main}
